// Jest Snapshot v1, https://goo.gl/fbAQLP

exports[`renders correctly when there are no items 1`] = `
<div
  className="sc-bdVaJa dsPhUh"
>
  <h4
    className="sc-bwzfXH jFIetV"
  >
    Hello World;
    <br />
    <br />
    I am
  </h4>
  <h1
    className="sc-htpNat frHDCV"
  >
    <b>
      Reyansh
      <br />
       Mishra
    </b>
  </h1>
  <br />
  <h4
    className="sc-bxivhb dngKrB"
  >
    Mobile / Web Developer
  </h4>
</div>
`;
